<section id="test4input3" class="level1">
<h1>test4input3</h1>
<section id="subsection" class="level2">
<h2>subsection</h2>
<p><em>emphasis</em> <strong>bold</strong> <span class="math">\(y=mx\)</span></p>
</section>
</section>
