<section id="input1" class="level1">
<h1>input1</h1>
<section id="subtitle" class="level2">
<h2>subtitle</h2>
<p><em>emphasis</em> <strong>bold</strong></p>
</section>
</section>
