<h1 id="test4input3">test4input3</h1>
<h2 id="subsection">subsection</h2>
<p><em>emphasis</em> <strong>bold</strong> <span class="math">\(y=mx\)</span></p>
