<h1 id="input3">input3</h1>
<h2 id="subtitle">subtitle</h2>
<p><em>emphasis</em> <strong>bold</strong> <span class="math">\(y=mx\)</span></p>
