<h1 id="input2">input2</h1>
<h2 id="subtitle">subtitle</h2>
<p><em>emphasis</em> <strong>bold</strong></p>
