<h1 id="input1">input1</h1>
<h2 id="subtitle">subtitle</h2>
<p><em>emphasis</em> <strong>bold</strong></p>
<h1 id="input2">input2</h1>
<h2 id="subtitle-1">subtitle</h2>
<p><em>emphasis</em> <strong>bold</strong></p>
<h1 id="input3">input3</h1>
<h2 id="subtitle-2">subtitle</h2>
<p><em>emphasis</em> <strong>bold</strong> <math display="inline" xmlns="http://www.w3.org/1998/Math/MathML"><mrow><mi>y</mi><mo>=</mo><mi>m</mi><mi>x</mi></mrow></math></p>
