<section id="input1" class="level1">
<h1>input1</h1>
<section id="subtitle" class="level2">
<h2>subtitle</h2>
<p><em>emphasis</em> <strong>bold</strong></p>
</section>
</section>
<section id="input2" class="level1">
<h1>input2</h1>
<section id="subtitle-1" class="level2">
<h2>subtitle</h2>
<p><em>emphasis</em> <strong>bold</strong></p>
</section>
</section>
<section id="input3" class="level1">
<h1>input3</h1>
<p>hello</p>
<section id="subtitle-2" class="level2">
<h2>subtitle</h2>
<p><em>emphasis</em> <strong>bold</strong> <span class="math">\(y=mx\)</span></p>
</section>
</section>
