<section id="title" class="level1 reveal">
<h1>title</h1>
<section id="subtitle" class="level2">
<h2>subtitle</h2>
<p>test/fixtures/test1.md</p>
<p><em>emphasis</em> <strong>bold</strong></p>
</section>
</section>
